00:00 +0: loading C:/Git/baseline/test/widget/responsive_layout_test.dart
00:00 +0: (setUpAll)
00:00 +0: Responsive Layout - Square Screen (400x400) main screen renders without overflow
00:00 +1: Responsive Layout - Square Screen (400x400) tiles fit within available space
00:01 +2: Responsive Layout - Small Phone (375x667) main screen renders without overflow on small phone
══╡ EXCEPTION CAUGHT BY RENDERING LIBRARY ╞═════════════════════════════════════════════════════════
The following assertion was thrown during layout:
A RenderFlex overflowed by 4.5 pixels on the bottom.

The relevant error-causing widget was:
  Column Column:file:///C:/Git/baseline/lib/widgets/food_module_tile.dart:244:16

The overflowing RenderFlex has an orientation of Axis.vertical.
The edge of the RenderFlex that is overflowing has been marked in the rendering with a yellow and
black striped pattern. This is usually caused by the contents being too big for the RenderFlex.
Consider applying a flex factor (e.g. using an Expanded widget) to force the children of the
RenderFlex to fit within the available space instead of being sized to their natural size.
This is considered an error condition because it indicates that there is content that cannot be
seen. If the content is legitimately bigger than the available space, consider clipping it with a
ClipRect widget before putting it in the flex, or using a scrollable container rather than a Flex,
like a ListView.
The specific RenderFlex in question is: RenderFlex#b46f2 OVERFLOWING:
  creator: Column ← LayoutBuilder ← _CategoryList ← Expanded ← Column ← Padding ← _FoodModuleContent ←
    Listener ← RawGestureDetector ← GestureDetector ← Semantics ← DefaultSelectionStyle ← ⋯
  parentData: offset=Offset(0.0, 0.0) (can use size)
  constraints: BoxConstraints(w=327.0, h=135.5)
  size: Size(327.0, 135.5)
  direction: vertical
  mainAxisAlignment: spaceEvenly
  mainAxisSize: max
  crossAxisAlignment: stretch
  verticalDirection: down
  spacing: 0.0
◢◤◢◤◢◤◢◤◢◤◢◤◢◤◢◤◢◤◢◤◢◤◢◤◢◤◢◤◢◤◢◤◢◤◢◤◢◤◢◤◢◤◢◤◢◤◢◤◢◤◢◤◢◤◢◤◢◤◢◤◢◤◢◤◢◤◢◤◢◤◢◤◢◤◢◤◢◤◢◤◢◤◢◤◢◤◢◤◢◤◢◤◢◤◢◤◢◤◢◤
════════════════════════════════════════════════════════════════════════════════════════════════════
00:01 +2 -1: Responsive Layout - Small Phone (375x667) main screen renders without overflow on small phone [E]
  Test failed. See exception logs above.
  The test description was: main screen renders without overflow on small phone
  
00:01 +2 -1: Responsive Layout - Small Phone (375x667) non-scrollable main screen layout
══╡ EXCEPTION CAUGHT BY RENDERING LIBRARY ╞═════════════════════════════════════════════════════════
The following assertion was thrown during layout:
A RenderFlex overflowed by 4.5 pixels on the bottom.

The relevant error-causing widget was:
  Column Column:file:///C:/Git/baseline/lib/widgets/food_module_tile.dart:244:16

The overflowing RenderFlex has an orientation of Axis.vertical.
The edge of the RenderFlex that is overflowing has been marked in the rendering with a yellow and
black striped pattern. This is usually caused by the contents being too big for the RenderFlex.
Consider applying a flex factor (e.g. using an Expanded widget) to force the children of the
RenderFlex to fit within the available space instead of being sized to their natural size.
This is considered an error condition because it indicates that there is content that cannot be
seen. If the content is legitimately bigger than the available space, consider clipping it with a
ClipRect widget before putting it in the flex, or using a scrollable container rather than a Flex,
like a ListView.
The specific RenderFlex in question is: RenderFlex#13371 OVERFLOWING:
  creator: Column ← LayoutBuilder ← _CategoryList ← Expanded ← Column ← Padding ← _FoodModuleContent ←
    Listener ← RawGestureDetector ← GestureDetector ← Semantics ← DefaultSelectionStyle ← ⋯
  parentData: offset=Offset(0.0, 0.0) (can use size)
  constraints: BoxConstraints(w=327.0, h=135.5)
  size: Size(327.0, 135.5)
  direction: vertical
  mainAxisAlignment: spaceEvenly
  mainAxisSize: max
  crossAxisAlignment: stretch
  verticalDirection: down
  spacing: 0.0
◢◤◢◤◢◤◢◤◢◤◢◤◢◤◢◤◢◤◢◤◢◤◢◤◢◤◢◤◢◤◢◤◢◤◢◤◢◤◢◤◢◤◢◤◢◤◢◤◢◤◢◤◢◤◢◤◢◤◢◤◢◤◢◤◢◤◢◤◢◤◢◤◢◤◢◤◢◤◢◤◢◤◢◤◢◤◢◤◢◤◢◤◢◤◢◤◢◤◢◤
════════════════════════════════════════════════════════════════════════════════════════════════════
00:02 +2 -2: Responsive Layout - Small Phone (375x667) non-scrollable main screen layout [E]
  Test failed. See exception logs above.
  The test description was: non-scrollable main screen layout
  
00:02 +2 -2: Responsive Layout - Standard Phone (390x844) main screen renders optimally on standard phone
00:02 +3 -2: Responsive Layout - Standard Phone (390x844) tiles are accessible and tappable
00:02 +4 -2: Responsive Layout - Standard Phone (390x844) modal dialog remains usable at standard size
00:03 +5 -2: Responsive Layout - Tablet (768x1024) main screen renders on tablet
00:03 +6 -2: Responsive Layout - Tablet (768x1024) tiles expand appropriately on larger screens
00:04 +7 -2: Responsive Layout - Tablet (768x1024) modal is centered and usable on tablet
00:04 +8 -2: Responsive Layout - Large Tablet (1024x1366) main screen renders on large tablet
00:05 +9 -2: Module Layout with Disabled Modules remaining tiles expand when modules are disabled
00:05 +10 -2: Modal Responsiveness modals adapt to different screen sizes
══╡ EXCEPTION CAUGHT BY RENDERING LIBRARY ╞═════════════════════════════════════════════════════════
The following assertion was thrown during layout:
A RenderFlex overflowed by 4.5 pixels on the bottom.

The overflowing RenderFlex has an orientation of Axis.vertical.
The edge of the RenderFlex that is overflowing has been marked in the rendering with a yellow and
black striped pattern. This is usually caused by the contents being too big for the RenderFlex.
Consider applying a flex factor (e.g. using an Expanded widget) to force the children of the
RenderFlex to fit within the available space instead of being sized to their natural size.
This is considered an error condition because it indicates that there is content that cannot be
seen. If the content is legitimately bigger than the available space, consider clipping it with a
ClipRect widget before putting it in the flex, or using a scrollable container rather than a Flex,
like a ListView.
The specific RenderFlex in question is: RenderFlex#cc0b6 DISPOSED OVERFLOWING:
  creator: MultiChildRenderObjectElement#ce289(DEFUNCT) ←
    _LayoutBuilderElement<BoxConstraints>#e3e70(DEFUNCT) ← StatelessElement#dd701(DEFUNCT) ←
    ParentDataElement<FlexParentData>#e181e(DEFUNCT) ← MultiChildRenderObjectElement#2739c(DEFUNCT) ←
    SingleChildRenderObjectElement#423b2(DEFUNCT) ← StatelessElement#24ef1(DEFUNCT) ←
    SingleChildRenderObjectElement#25ba1(DEFUNCT) ← StatefulElement#d3f94(DEFUNCT) ←
    StatelessElement#46a99(DEFUNCT) ← SingleChildRenderObjectElement#75fdb(DEFUNCT) ←
    InheritedElement#59d6a(DEFUNCT) ← ⋯
  parentData: offset=Offset(0.0, 0.0) (can use size)
  constraints: BoxConstraints(w=327.0, h=135.5)
  size: Size(327.0, 135.5)
  direction: vertical
  mainAxisAlignment: spaceEvenly
  mainAxisSize: max
  crossAxisAlignment: stretch
  verticalDirection: down
  spacing: 0.0
◢◤◢◤◢◤◢◤◢◤◢◤◢◤◢◤◢◤◢◤◢◤◢◤◢◤◢◤◢◤◢◤◢◤◢◤◢◤◢◤◢◤◢◤◢◤◢◤◢◤◢◤◢◤◢◤◢◤◢◤◢◤◢◤◢◤◢◤◢◤◢◤◢◤◢◤◢◤◢◤◢◤◢◤◢◤◢◤◢◤◢◤◢◤◢◤◢◤◢◤
════════════════════════════════════════════════════════════════════════════════════════════════════
00:06 +10 -3: Modal Responsiveness modals adapt to different screen sizes [E]
  Test failed. See exception logs above.
  The test description was: modals adapt to different screen sizes
  
══╡ EXCEPTION CAUGHT BY WIDGET INSPECTOR ╞══════════════════════════════════════════════════════════
The following assertion was thrown:
Looking up a deactivated widget's ancestor is unsafe.
At this point the state of the widget's element tree is no longer stable.
To safely refer to a widget's ancestor in its dispose() method, save a reference to the ancestor by
calling dependOnInheritedWidgetOfExactType() in the widget's didChangeDependencies() method.

When the exception was thrown, this was the stack:
#0      Element._debugCheckStateIsActiveForAncestorLookup.<anonymous closure> (package:flutter/src/widgets/framework.dart:5049:9)
#1      Element._debugCheckStateIsActiveForAncestorLookup (package:flutter/src/widgets/framework.dart:5063:6)
#2      Element.visitAncestorElements (package:flutter/src/widgets/framework.dart:5174:12)
#3      _describeRelevantUserCode (package:flutter/src/widgets/widget_inspector.dart:4236:13)
#4      _parseDiagnosticsNode (package:flutter/src/widgets/widget_inspector.dart:4155:12)
#5      debugTransformDebugCreator (package:flutter/src/widgets/widget_inspector.dart:4134:21)
#6      _FlutterErrorDetailsNode.builder (package:flutter/src/foundation/assertions.dart:1310:31)
#7      DiagnosticableNode.getProperties (package:flutter/src/foundation/diagnostics.dart:2943:68)
#8      TextTreeRenderer._debugRender (package:flutter/src/foundation/diagnostics.dart:1270:63)
#9      TextTreeRenderer.render (package:flutter/src/foundation/diagnostics.dart:1137:14)
#10     FlutterError.dumpErrorToConsole (package:flutter/src/foundation/assertions.dart:1040:13)
#11     _defaultTestExceptionReporter (package:flutter_test/src/test_exception_reporter.dart:29:16)
#12     TestWidgetsFlutterBinding._createTestCompletionHandler.<anonymous closure> (package:flutter_test/src/binding.dart:1444:28)
<asynchronous suspension>
(elided 8 frames from dart:async and package:stack_trace)

This exception was caught while trying to describe the user-relevant code of another error.
════════════════════════════════════════════════════════════════════════════════════════════════════
══╡ EXCEPTION CAUGHT BY WIDGET INSPECTOR ╞══════════════════════════════════════════════════════════
The following assertion was thrown:
Looking up a deactivated widget's ancestor is unsafe.
At this point the state of the widget's element tree is no longer stable.
To safely refer to a widget's ancestor in its dispose() method, save a reference to the ancestor by
calling dependOnInheritedWidgetOfExactType() in the widget's didChangeDependencies() method.

When the exception was thrown, this was the stack:
#0      Element._debugCheckStateIsActiveForAncestorLookup.<anonymous closure> (package:flutter/src/widgets/framework.dart:5049:9)
#1      Element._debugCheckStateIsActiveForAncestorLookup (package:flutter/src/widgets/framework.dart:5063:6)
#2      Element.visitAncestorElements (package:flutter/src/widgets/framework.dart:5174:12)
#3      _describeRelevantUserCode (package:flutter/src/widgets/widget_inspector.dart:4236:13)
#4      _parseDiagnosticsNode (package:flutter/src/widgets/widget_inspector.dart:4155:12)
#5      debugTransformDebugCreator (package:flutter/src/widgets/widget_inspector.dart:4134:21)
#6      _FlutterErrorDetailsNode.builder (package:flutter/src/foundation/assertions.dart:1310:31)
#7      DiagnosticableNode.emptyBodyDescription (package:flutter/src/foundation/diagnostics.dart:2939:45)
#8      TextTreeRenderer._debugRender (package:flutter/src/foundation/diagnostics.dart:1307:14)
#9      TextTreeRenderer.render (package:flutter/src/foundation/diagnostics.dart:1137:14)
#10     FlutterError.dumpErrorToConsole (package:flutter/src/foundation/assertions.dart:1040:13)
#11     _defaultTestExceptionReporter (package:flutter_test/src/test_exception_reporter.dart:29:16)
#12     TestWidgetsFlutterBinding._createTestCompletionHandler.<anonymous closure> (package:flutter_test/src/binding.dart:1444:28)
<asynchronous suspension>
(elided 8 frames from dart:async and package:stack_trace)

This exception was caught while trying to describe the user-relevant code of another error.
════════════════════════════════════════════════════════════════════════════════════════════════════
00:06 +10 -3: Font Scale and Accessibility layout handles default font scaling
00:06 +10 ~1 -3: (tearDownAll)
00:06 +10 ~1 -3: Some tests failed.
